// Jest Snapshot v1, https://goo.gl/fbAQLP

exports[`snapshot changes when input change 1`] = `[Function]`;
