// Jest Snapshot v1, https://goo.gl/fbAQLP

exports[`snapshot of initial component 1`] = `[Function]`;
